[0;34m--- [B760 PRE-PR AUDIT PROTOCOL] ---[0m
1. Formatting (Ruff)... 71 files already formatted
[0;32mPASS[0m
2. Linting (Ruff)... All checks passed!
[0;32mPASS[0m
3. Static Analysis (Mypy)...
Success: no issues found in 27 source files
[0;32mTYPING PASS[0m
4. Neural Validation (Pytest)...
============================= test session starts ==============================
platform linux -- Python 3.12.12, pytest-9.0.2, pluggy-1.6.0 -- /home/joan/Documents/IA/sharing/.venv/bin/python3
cachedir: .pytest_cache
rootdir: /home/joan/Documents/IA/sharing
configfile: pyproject.toml
plugins: anyio-4.12.1, cov-7.0.0
collecting ... collected 279 items

tests/test_ace_affect.py::TestGetAffectCoordinates::test_empty_list_returns_origin PASSED [  0%]
tests/test_ace_affect.py::TestGetAffectCoordinates::test_single_neutral_returns_origin PASSED [  0%]
tests/test_ace_affect.py::TestGetAffectCoordinates::test_single_joy PASSED [  1%]
tests/test_ace_affect.py::TestGetAffectCoordinates::test_single_fear PASSED [  1%]
tests/test_ace_affect.py::TestGetAffectCoordinates::test_average_of_two_known_emotions PASSED [  1%]
tests/test_ace_affect.py::TestGetAffectCoordinates::test_unknown_emotion_ignored PASSED [  2%]
tests/test_ace_affect.py::TestGetAffectCoordinates::test_all_unknown_returns_origin PASSED [  2%]
tests/test_ace_affect.py::TestGetAffectCoordinates::test_case_insensitive PASSED [  2%]
tests/test_ace_affect.py::TestGetAffectCoordinates::test_all_known_emotions_return_valid_coordinates[joy] PASSED [  3%]
tests/test_ace_affect.py::TestGetAffectCoordinates::test_all_known_emotions_return_valid_coordinates[happiness] PASSED [  3%]
tests/test_ace_affect.py::TestGetAffectCoordinates::test_all_known_emotions_return_valid_coordinates[love] PASSED [  3%]
tests/test_ace_affect.py::TestGetAffectCoordinates::test_all_known_emotions_return_valid_coordinates[surprise] PASSED [  4%]
tests/test_ace_affect.py::TestGetAffectCoordinates::test_all_known_emotions_return_valid_coordinates[neutral] PASSED [  4%]
tests/test_ace_affect.py::TestGetAffectCoordinates::test_all_known_emotions_return_valid_coordinates[sadness] PASSED [  5%]
tests/test_ace_affect.py::TestGetAffectCoordinates::test_all_known_emotions_return_valid_coordinates[fear] PASSED [  5%]
tests/test_ace_affect.py::TestGetAffectCoordinates::test_all_known_emotions_return_valid_coordinates[anger] PASSED [  5%]
tests/test_ace_affect.py::TestGetAffectCoordinates::test_all_known_emotions_return_valid_coordinates[disgust] PASSED [  6%]
tests/test_ace_affect.py::TestGetAffectCoordinates::test_all_known_emotions_return_valid_coordinates[anxiety] PASSED [  6%]
tests/test_ace_affect.py::TestGetAffectCoordinates::test_all_known_emotions_return_valid_coordinates[envy] PASSED [  6%]
tests/test_ace_affect.py::TestGetAffectCoordinates::test_all_known_emotions_return_valid_coordinates[embarrassment] PASSED [  7%]
tests/test_ace_affect.py::TestGetAffectCoordinates::test_all_known_emotions_return_valid_coordinates[ennui] PASSED [  7%]
tests/test_ace_affect.py::TestGetAffectCoordinates::test_all_known_emotions_return_valid_coordinates[nostalgia] PASSED [  7%]
tests/test_ace_affect.py::TestGetAffectCoordinates::test_all_known_emotions_return_valid_coordinates[confusion] PASSED [  8%]
tests/test_ace_affect.py::TestGetAffectCoordinates::test_all_known_emotions_return_valid_coordinates[shame] PASSED [  8%]
tests/test_ace_affect.py::TestGetAffectCoordinates::test_all_known_emotions_return_valid_coordinates[guilt] PASSED [  8%]
tests/test_ace_affect.py::TestGetAffectCoordinates::test_all_known_emotions_return_valid_coordinates[desire] PASSED [  9%]
tests/test_ace_affect.py::TestGetEmotionalStabilityMultiplier::test_output_always_in_valid_range[emotions0-1.0] PASSED [  9%]
tests/test_ace_affect.py::TestGetEmotionalStabilityMultiplier::test_output_always_in_valid_range[emotions1-1.0] PASSED [ 10%]
tests/test_ace_affect.py::TestGetEmotionalStabilityMultiplier::test_output_always_in_valid_range[emotions2-10.0] PASSED [ 10%]
tests/test_ace_affect.py::TestGetEmotionalStabilityMultiplier::test_output_always_in_valid_range[emotions3-10.0] PASSED [ 10%]
tests/test_ace_affect.py::TestGetEmotionalStabilityMultiplier::test_output_always_in_valid_range[emotions4-10.0] PASSED [ 11%]
tests/test_ace_affect.py::TestGetEmotionalStabilityMultiplier::test_output_always_in_valid_range[emotions5-1.0] PASSED [ 11%]
tests/test_ace_affect.py::TestGetEmotionalStabilityMultiplier::test_output_always_in_valid_range[emotions6-10.0] PASSED [ 11%]
tests/test_ace_affect.py::TestGetEmotionalStabilityMultiplier::test_output_always_in_valid_range[emotions7-5.0] PASSED [ 12%]
tests/test_ace_affect.py::TestGetEmotionalStabilityMultiplier::test_output_always_in_valid_range[emotions8-10.0] PASSED [ 12%]
tests/test_ace_affect.py::TestGetEmotionalStabilityMultiplier::test_output_always_in_valid_range[emotions9-10.0] PASSED [ 12%]
tests/test_ace_affect.py::TestGetEmotionalStabilityMultiplier::test_output_always_in_valid_range[emotions10-0.0] PASSED [ 13%]
tests/test_ace_affect.py::TestGetEmotionalStabilityMultiplier::test_empty_emotions_default_intensity_returns_near_one PASSED [ 13%]
tests/test_ace_affect.py::TestGetEmotionalStabilityMultiplier::test_all_neutral_emotions_returns_one PASSED [ 13%]
tests/test_ace_affect.py::TestGetEmotionalStabilityMultiplier::test_multiple_neutral_returns_one PASSED [ 14%]
tests/test_ace_affect.py::TestGetEmotionalStabilityMultiplier::test_single_high_arousal_fear_at_max_intensity_is_stable PASSED [ 14%]
tests/test_ace_affect.py::TestGetEmotionalStabilityMultiplier::test_single_high_arousal_anger_at_max_intensity PASSED [ 15%]
tests/test_ace_affect.py::TestGetEmotionalStabilityMultiplier::test_high_arousal_surprise_at_max_intensity PASSED [ 15%]
tests/test_ace_affect.py::TestGetEmotionalStabilityMultiplier::test_zero_intensity_produces_near_one_multiplier PASSED [ 15%]
tests/test_ace_affect.py::TestGetEmotionalStabilityMultiplier::test_higher_intensity_yields_lower_or_equal_multiplier[1.0-5.0-fear] PASSED [ 16%]
tests/test_ace_affect.py::TestGetEmotionalStabilityMultiplier::test_higher_intensity_yields_lower_or_equal_multiplier[1.0-10.0-anger] PASSED [ 16%]
tests/test_ace_affect.py::TestGetEmotionalStabilityMultiplier::test_higher_intensity_yields_lower_or_equal_multiplier[1.0-8.0-joy] PASSED [ 16%]
tests/test_ace_affect.py::TestGetEmotionalStabilityMultiplier::test_negative_valence_more_stable_than_positive_at_same_arousal PASSED [ 17%]
tests/test_ace_affect.py::TestGetEmotionalStabilityMultiplier::test_ennui_decays_fast PASSED [ 17%]
tests/test_ace_affect.py::TestGetEmotionalStabilityMultiplier::test_mixed_positive_negative_valence_averages PASSED [ 17%]
tests/test_ace_affect.py::TestGetEmotionalStabilityMultiplier::test_all_unknown_emotions_returns_one PASSED [ 18%]
tests/test_ace_affect.py::TestGetEmotionalStabilityMultiplier::test_partial_unknown_ignored_gracefully PASSED [ 18%]
tests/test_ace_affect.py::TestGetEmotionalStabilityMultiplier::test_explicit_calculation_anxiety_intensity_5 PASSED [ 18%]
tests/test_ace_affect.py::TestGetEmotionalStabilityMultiplier::test_explicit_calculation_joy_intensity_5 PASSED [ 19%]
tests/test_ace_affect.py::TestGetEmotionalStabilityMultiplier::test_explicit_calculation_neutral_any_intensity PASSED [ 19%]
tests/test_ace_cal_modes.py::TestPioneerMode::test_pioneer_selects_pioneer_base PASSED [ 20%]
tests/test_ace_cal_modes.py::TestPioneerMode::test_pioneer_all_emotions_present PASSED [ 20%]
tests/test_ace_cal_modes.py::TestPioneerMode::test_pioneer_neutral_origin PASSED [ 20%]
tests/test_ace_cal_modes.py::TestPioneerMode::test_pioneer_joy_positive_valence PASSED [ 21%]
tests/test_ace_cal_modes.py::TestPioneerMode::test_pioneer_fear_high_arousal PASSED [ 21%]
tests/test_ace_cal_modes.py::TestPioneerMode::test_pioneer_ennui_low_arousal PASSED [ 21%]
tests/test_ace_cal_modes.py::TestAcademicMode::test_academic_selects_academic_base PASSED [ 22%]
tests/test_ace_cal_modes.py::TestAcademicMode::test_academic_differs_from_pioneer PASSED [ 22%]
tests/test_ace_cal_modes.py::TestAcademicMode::test_academic_neutral_low_arousal PASSED [ 22%]
tests/test_ace_cal_modes.py::TestAcademicMode::test_academic_sadness_less_extreme_than_pioneer PASSED [ 23%]
tests/test_ace_cal_modes.py::TestAcademicMode::test_academic_all_emotions_present PASSED [ 23%]
tests/test_ace_cal_modes.py::TestCustomOverrides::test_custom_overrides_single_emotion_on_pioneer PASSED [ 24%]
tests/test_ace_cal_modes.py::TestCustomOverrides::test_custom_overrides_single_emotion_on_academic PASSED [ 24%]
tests/test_ace_cal_modes.py::TestCustomOverrides::test_custom_overrides_new_emotion PASSED [ 24%]
tests/test_ace_cal_modes.py::TestCustomOverrides::test_custom_overrides_multiple_emotions PASSED [ 25%]
tests/test_ace_cal_modes.py::TestCustomOverrides::test_invalid_json_does_not_crash PASSED [ 25%]
tests/test_ace_cal_modes.py::TestCustomOverrides::test_invalid_coords_format_ignored PASSED [ 25%]
tests/test_ace_cal_modes.py::TestCustomOverrides::test_empty_overrides_returns_base PASSED [ 26%]
tests/test_ace_cal_modes.py::TestCustomOverrides::test_unknown_model_falls_back_to_pioneer PASSED [ 26%]
tests/test_cli_integration.py::test_cli_search_deep_recall PASSED        [ 26%]
tests/test_cli_integration.py::test_cli_search_trigger_keyword PASSED    [ 27%]
tests/test_cli_integration.py::test_cli_mode_switch PASSED               [ 27%]
tests/test_cli_integration.py::test_cli_help PASSED                      [ 27%]
tests/test_cli_skins_load.py::test_lore_skins_yaml_load_all PASSED       [ 28%]
tests/test_cli_skins_load.py::test_cli_switch_skin_behavior[matrix] PASSED [ 28%]
tests/test_cli_skins_load.py::test_cli_switch_skin_behavior[cyberpunk] PASSED [ 29%]
tests/test_cli_skins_load.py::test_cli_switch_skin_behavior[760] PASSED  [ 29%]
tests/test_cli_skins_load.py::test_cli_switch_skin_behavior[dune] PASSED [ 29%]
tests/test_cli_skins_load.py::test_cli_switch_skin_behavior[40k] PASSED  [ 30%]
tests/test_cli_skins_load.py::test_cli_switch_skin_behavior[gits] PASSED [ 30%]
tests/test_cli_skins_load.py::test_cli_switch_skin_behavior[bladerunner] PASSED [ 30%]
tests/test_cli_skins_load.py::test_cli_switch_skin_behavior[her] PASSED  [ 31%]
tests/test_cli_skins_load.py::test_cli_switch_skin_behavior[exmachina] PASSED [ 31%]
tests/test_cli_skins_load.py::test_cli_switch_skin_behavior[terminator] PASSED [ 31%]
tests/test_cli_skins_load.py::test_cli_switch_skin_behavior[2001] PASSED [ 32%]
tests/test_cli_skins_load.py::test_cli_switch_skin_behavior[creator] PASSED [ 32%]
tests/test_cli_unit.py::test_get_collection PASSED                       [ 32%]
tests/test_cli_unit.py::test_handle_mode_unit PASSED                     [ 33%]
tests/test_cli_unit.py::test_cli_main_status PASSED                      [ 33%]
tests/test_cli_unit.py::test_cli_main_soul_backup PASSED                 [ 34%]
tests/test_cli_unit.py::test_cli_main_search PASSED                      [ 34%]
tests/test_cli_unit.py::test_cli_main_sanitize PASSED                    [ 34%]
tests/test_cli_unit.py::test_cli_main_add PASSED                         [ 35%]
tests/test_cli_unit.py::test_cli_main_erode PASSED                       [ 35%]
tests/test_cli_unit.py::test_cli_main_edit PASSED                        [ 35%]
tests/test_cli_unit.py::test_cli_main_soul_sync PASSED                   [ 36%]
tests/test_cli_unit.py::test_cli_main_swarm_audit PASSED                 [ 36%]
tests/test_cli_unit.py::test_cli_main_diagnostic PASSED                  [ 36%]
tests/test_cli_unit.py::test_cli_main_soul_vault PASSED                  [ 37%]
tests/test_cli_unit.py::test_cli_main_seed PASSED                        [ 37%]
tests/test_cli_unit.py::test_cli_main_soul_rotate PASSED                 [ 37%]
tests/test_cli_unit.py::test_handle_daemon_success PASSED                [ 38%]
tests/test_cli_unit.py::test_handle_daemon_failure PASSED                [ 38%]
tests/test_cli_unit.py::test_cli_main_soul_export PASSED                 [ 39%]
tests/test_cli_unit.py::test_cli_main_soul_restore PASSED                [ 39%]
tests/test_config.py::test_invalid_decay_strategy PASSED                 [ 39%]
tests/test_daemon.py::test_daemon_ping_with_auth PASSED                  [ 40%]
tests/test_daemon.py::test_daemon_unauthorized_access PASSED             [ 40%]
tests/test_daemon_client.py::test_get_vector_from_daemon_success PASSED  [ 40%]
tests/test_daemon_client.py::test_get_vector_from_daemon_no_socket_file PASSED [ 41%]
tests/test_daemon_client.py::test_get_vector_from_daemon_socket_error PASSED [ 41%]
tests/test_daemon_client.py::test_get_vector_from_daemon_malformed_response PASSED [ 41%]
tests/test_daemon_client.py::test_get_vector_from_daemon_timeout PASSED  [ 42%]
tests/test_emotional_memory.py::test_emotional_erosion PASSED            [ 42%]
tests/test_emotional_memory.py::test_add_memory_with_emotion PASSED      [ 43%]
tests/test_emotional_memory.py::test_invalid_color_rejection PASSED      [ 43%]
tests/test_emotional_memory.py::test_sanitation PASSED                   [ 43%]
tests/test_fragmentation.py::test_synaptic_split_no_split PASSED         [ 44%]
tests/test_fragmentation.py::test_synaptic_split_simple_split PASSED     [ 44%]
tests/test_fragmentation.py::test_synaptic_split_recursive PASSED        [ 44%]
tests/test_hive.py::test_hive_initialization PASSED                      [ 45%]
tests/test_hive.py::test_hive_disabled PASSED                            [ 45%]
tests/test_hive.py::test_transmit_experience FAILED                      [ 45%]
tests/test_hive.py::test_sync_from_hive PASSED                           [ 46%]
tests/test_hive.py::test_smith_pre_filter PASSED                         [ 46%]
tests/test_hive.py::test_tls_enforcement_remote PASSED                   [ 46%]
tests/test_hive.py::test_tls_allowed_local PASSED                        [ 47%]
tests/test_hive_unit.py::test_hive_connection_error PASSED               [ 47%]
tests/test_hive_unit.py::test_transmit_experience_failure FAILED         [ 48%]
tests/test_hive_unit.py::test_sync_from_hive_empty PASSED                [ 48%]
tests/test_hive_unit.py::test_sync_from_hive_error PASSED                [ 48%]
tests/test_local_edge.py::test_local_compression[asyncio] PASSED         [ 49%]
tests/test_lore_skins.py::test_lore_skins_yaml_integrity PASSED          [ 49%]
tests/test_lore_skins.py::test_skin_switching_logic_integration PASSED   [ 49%]
tests/test_mcp_server.py::TestGetHardwareStatus::test_returns_text_content PASSED [ 50%]
tests/test_mcp_server.py::TestGetHardwareStatus::test_no_arguments_ok PASSED [ 50%]
tests/test_mcp_server.py::TestGetDashboard::test_dashboard_contains_header PASSED [ 50%]
tests/test_mcp_server.py::TestGetDashboard::test_dashboard_contains_gpu_name PASSED [ 51%]
tests/test_mcp_server.py::TestControlBunker::test_mode_command PASSED    [ 51%]
tests/test_mcp_server.py::TestControlBunker::test_backup_command PASSED  [ 51%]
tests/test_mcp_server.py::TestControlBunker::test_status_command PASSED  [ 52%]
tests/test_mcp_server.py::TestControlBunker::test_unknown_command_returns_error_text PASSED [ 52%]
tests/test_mcp_server.py::TestControlBunker::test_exception_returns_failure_text PASSED [ 53%]
tests/test_mcp_server.py::TestEditMemory::test_successful_edit PASSED    [ 53%]
tests/test_mcp_server.py::TestEditMemory::test_failed_edit PASSED        [ 53%]
tests/test_mcp_server.py::TestEditMemory::test_exception_returns_error PASSED [ 54%]
tests/test_mcp_server.py::TestRunSecurityAudit::test_successful_audit PASSED [ 54%]
tests/test_mcp_server.py::TestRunSecurityAudit::test_failed_audit PASSED [ 54%]
tests/test_mcp_server.py::TestSearchMemoryResearch::test_successful_research PASSED [ 55%]
tests/test_mcp_server.py::TestSearchMemoryResearch::test_failed_research PASSED [ 55%]
tests/test_mcp_server.py::TestCheckSystemHealth::test_healthy_system PASSED [ 55%]
tests/test_mcp_server.py::TestCheckSystemHealth::test_unhealthy_system PASSED [ 56%]
tests/test_mcp_server.py::TestReadCoreDirectives::test_returns_directives PASSED [ 56%]
tests/test_mcp_server.py::TestReadCoreDirectives::test_exception_returns_error PASSED [ 56%]
tests/test_mcp_server.py::TestCompressPrompt::test_successful_compression PASSED [ 57%]
tests/test_mcp_server.py::TestCompressPrompt::test_failed_compression PASSED [ 57%]
tests/test_mcp_server.py::TestGetEmotionalSync::test_returns_mood_and_directive PASSED [ 58%]
tests/test_mcp_server.py::TestGetEmotionalSync::test_exception_returns_error PASSED [ 58%]
tests/test_mcp_server.py::TestUnknownTool::test_unknown_tool_raises_value_error PASSED [ 58%]
tests/test_memory.py::test_linear_decay PASSED                           [ 59%]
tests/test_memory.py::test_exponential_decay PASSED                      [ 59%]
tests/test_memory.py::test_exponential_decay_floor PASSED                [ 59%]
tests/test_memory.py::test_immunity_promotion PASSED                     [ 60%]
tests/test_memory.py::test_synaptic_propagation PASSED                   [ 60%]
tests/test_memory.py::test_erosion_cycle PASSED                          [ 60%]
tests/test_memory.py::test_dormancy_filter PASSED                        [ 61%]
tests/test_memory.py::test_reinforcement_stacking PASSED                 [ 61%]
tests/test_memory.py::test_manual_id_injection PASSED                    [ 62%]
tests/test_memory.py::test_strict_id_validation PASSED                   [ 62%]
tests/test_memory.py::test_system_keys_handled_instead_of_failing PASSED [ 62%]
tests/test_memory_client_isolation.py::test_get_vector_from_daemon_isolation PASSED [ 63%]
tests/test_memory_daemon.py::test_daemon_ping PASSED                     [ 63%]
tests/test_memory_daemon.py::test_daemon_unauthorized PASSED             [ 63%]
tests/test_memory_daemon.py::test_daemon_embed PASSED                    [ 64%]
tests/test_memory_daemon.py::test_daemon_empty_request PASSED            [ 64%]
tests/test_memory_daemon.py::test_daemon_large_payload PASSED            [ 64%]
tests/test_memory_daemon_unit.py::test_handle_connection_success PASSED  [ 65%]
tests/test_memory_daemon_unit.py::test_handle_connection_unauthorized PASSED [ 65%]
tests/test_memory_daemon_unit.py::test_handle_connection_ping PASSED     [ 65%]
tests/test_memory_daemon_unit.py::test_handle_connection_malformed_json PASSED [ 66%]
tests/test_memory_edge_cases.py::test_mask_pii_exception PASSED          [ 66%]
tests/test_memory_edge_cases.py::test_get_vector_from_daemon PASSED      [ 67%]
tests/test_memory_edge_cases.py::test_get_vector_from_daemon_exception PASSED [ 67%]
tests/test_memory_edge_cases.py::test_get_vector_from_daemon_no_socket PASSED [ 67%]
tests/test_memory_edge_cases.py::test_get_vector_local PASSED            [ 68%]
tests/test_memory_edge_cases.py::test_add_memory_metadata_exception PASSED [ 68%]
tests/test_memory_edge_cases.py::test_add_memory_exception PASSED        [ 68%]
tests/test_memory_edge_cases.py::test_get_stats_exception_and_success PASSED [ 69%]
tests/test_memory_edge_cases.py::test_trigger_metabolism_exception PASSED [ 69%]
tests/test_memory_edge_cases.py::test_apply_erosion_io_errors PASSED     [ 69%]
tests/test_memory_edge_cases.py::test_reinforce_points_empty_and_payload_exception PASSED [ 70%]
tests/test_memory_edge_cases.py::test_reinforce_points_retrieve_exception PASSED [ 70%]
tests/test_memory_edge_cases.py::test_search_and_reinforce_query_exception PASSED [ 70%]
tests/test_memory_edge_cases.py::test_calculate_decay_edge_cases PASSED  [ 71%]
tests/test_memory_edge_cases.py::test_apply_erosion_exceptions_and_deletions PASSED [ 71%]
tests/test_memory_edge_cases.py::test_sanitize_exceptions PASSED         [ 72%]
tests/test_metabolism.py::TestMetabolism::test_metabolism_error_safe PASSED [ 72%]
tests/test_metabolism.py::TestMetabolism::test_normal_cycle_after_flag_cleared_runs_erosion FAILED [ 72%]
tests/test_metabolism.py::TestMetabolism::test_reactive_trigger FAILED   [ 73%]
tests/test_metabolism.py::TestMetabolism::test_read_empty_state PASSED   [ 73%]
tests/test_metabolism.py::TestMetabolism::test_read_legacy_float_state PASSED [ 73%]
tests/test_metabolism.py::TestMetabolism::test_read_write_state_roundtrip PASSED [ 74%]
tests/test_metabolism.py::TestMetabolism::test_skip_next_erosion_flag_prevents_erosion PASSED [ 74%]
tests/test_migration_v420.py::test_full_schema_migration PASSED          [ 74%]
tests/test_migration_v420.py::test_migration_idempotency PASSED          [ 75%]
tests/test_platform_resilience.py::TestToneAnalyzerFallback::test_fallback_scroll_returns_color_on_ordered_failure PASSED [ 75%]
tests/test_platform_resilience.py::TestToneAnalyzerFallback::test_fallback_scroll_returns_default_on_double_failure PASSED [ 75%]
tests/test_platform_resilience.py::TestToneAnalyzerFallback::test_no_immune_points_returns_default PASSED [ 76%]
tests/test_platform_resilience.py::TestToneAnalyzerFallback::test_empty_collection_returns_default PASSED [ 76%]
tests/test_platform_resilience.py::TestToneAnalyzerFallback::test_non_default_color_returned_first PASSED [ 77%]
tests/test_platform_resilience.py::TestToneAnalyzerFallback::test_existing_manager_is_reused PASSED [ 77%]
tests/test_platform_resilience.py::TestWindowsFcntlFallback::test_metabolism_cycle_survives_missing_fcntl PASSED [ 77%]
tests/test_platform_resilience.py::TestWindowsFcntlFallback::test_write_and_read_state_without_fcntl PASSED [ 78%]
tests/test_pulse.py::TestRecordInteraction::test_first_interaction_returns_initial_status PASSED [ 78%]
tests/test_pulse.py::TestRecordInteraction::test_second_interaction_calculates_delta PASSED [ 78%]
tests/test_pulse.py::TestRecordInteraction::test_burst_detection PASSED  [ 79%]
tests/test_pulse.py::TestRecordInteraction::test_dormant_detection PASSED [ 79%]
tests/test_pulse.py::TestRecordInteraction::test_normal_cadence PASSED   [ 79%]
tests/test_pulse.py::TestRecordInteraction::test_heartbeat_file_written_after_interaction PASSED [ 80%]
tests/test_pulse.py::TestRecordInteraction::test_corrupted_heartbeat_file_handled_gracefully PASSED [ 80%]
tests/test_pulse.py::TestAtomicWrite::test_atomic_write_creates_file PASSED [ 81%]
tests/test_pulse.py::TestAtomicWrite::test_atomic_write_no_temp_file_left_behind PASSED [ 81%]
tests/test_pulse.py::TestAtomicWrite::test_atomic_write_content_is_valid_json PASSED [ 81%]
tests/test_pulse.py::TestHumanTime::test_seconds PASSED                  [ 82%]
tests/test_pulse.py::TestHumanTime::test_minutes PASSED                  [ 82%]
tests/test_pulse.py::TestHumanTime::test_hours PASSED                    [ 82%]
tests/test_pulse.py::TestHumanTime::test_days PASSED                     [ 83%]
tests/test_pulse.py::TestHumanTime::test_zero PASSED                     [ 83%]
tests/test_schemas.py::test_valid_engram_request PASSED                  [ 83%]
tests/test_schemas.py::test_null_byte_rejection PASSED                   [ 84%]
tests/test_schemas.py::test_reserved_key_rejection PASSED                [ 84%]
tests/test_schemas.py::test_metadata_nesting_rejection PASSED            [ 84%]
tests/test_schemas.py::test_association_uuid_validation PASSED           [ 85%]
tests/test_schemas.py::test_weighted_associations PASSED                 [ 85%]
tests/test_schemas.py::test_association_cap PASSED                       [ 86%]
tests/test_schemas.py::test_validate_metadata_structure_directly PASSED  [ 86%]
tests/test_sec_008.py::test_null_byte_rejection_metadata PASSED          [ 86%]
tests/test_sec_008.py::test_null_byte_rejection_content PASSED           [ 87%]
tests/test_seed.py::test_seed_project_creates_collections PASSED         [ 87%]
tests/test_seed.py::test_seed_project_adds_memories PASSED               [ 87%]
tests/test_seed.py::test_seed_project_exception_handled PASSED           [ 88%]
tests/test_seed.py::test_seed_project_skips_if_present PASSED            [ 88%]
tests/test_soul.py::test_get_collections PASSED                          [ 88%]
tests/test_soul.py::test_backup_qdrant PASSED                            [ 89%]
tests/test_soul.py::test_backup_files FAILED                             [ 89%]
tests/test_soul.py::test_export_soul FAILED                              [ 89%]
tests/test_soul.py::test_restore_soul_dry_run PASSED                     [ 90%]
tests/test_soul.py::test_restore_soul_commit PASSED                      [ 90%]
tests/test_sound_of_silence.py::test_sound_of_silence_compliance FAILED  [ 91%]
tests/test_sound_of_silence.py::test_markdown_links_compliance PASSED    [ 91%]
tests/test_swarm_agents.py::TestMinionBase::test_minion_is_abstract PASSED [ 91%]
tests/test_swarm_agents.py::TestMinionBase::test_minion_gets_unique_id PASSED [ 92%]
tests/test_swarm_agents.py::TestMinionBase::test_swarm_result_model PASSED [ 92%]
tests/test_swarm_agents.py::TestSmithMinion::test_clean_file_no_findings PASSED [ 92%]
tests/test_swarm_agents.py::TestSmithMinion::test_eval_detected_as_critical PASSED [ 93%]
tests/test_swarm_agents.py::TestSmithMinion::test_exec_detected_as_critical PASSED [ 93%]
tests/test_swarm_agents.py::TestSmithMinion::test_hardcoded_secret_detected PASSED [ 93%]
tests/test_swarm_agents.py::TestSmithMinion::test_env_var_access_not_flagged PASSED [ 94%]
tests/test_swarm_agents.py::TestSmithMinion::test_score_penalized_for_each_critical PASSED [ 94%]
tests/test_swarm_agents.py::TestSmithMinion::test_venv_directory_skipped PASSED [ 94%]
tests/test_swarm_agents.py::TestSmithMinion::test_result_has_required_keys PASSED [ 95%]
tests/test_swarm_agents.py::TestOracleMinion::test_synthesis_without_llm FAILED [ 95%]
tests/test_swarm_agents.py::TestOracleMinion::test_synthesis_with_llm FAILED [ 96%]
tests/test_swarm_agents.py::TestOracleMinion::test_empty_memory_fallback FAILED [ 96%]
tests/test_swarm_agents.py::TestOracleMinion::test_result_schema FAILED  [ 96%]
tests/test_swarm_agents.py::TestCompressorMinion::test_output_has_protocol_header PASSED [ 97%]
tests/test_swarm_agents.py::TestCompressorMinion::test_lengths_reported PASSED [ 97%]
tests/test_swarm_agents.py::TestCompressorMinion::test_engine_compress_called PASSED [ 97%]
tests/test_swarm_agents.py::TestCompressorMinion::test_fallback_on_engine_crash PASSED [ 98%]
tests/test_swarm_agents.py::TestCompressorMinion::test_task_used_as_text_if_no_kwarg PASSED [ 98%]
tests/test_swarm_agents.py::TestCompressorMinion::test_result_schema PASSED [ 98%]
tests/test_version_sync.py::test_version_consistency PASSED              [ 99%]
tests/test_version_sync.py::test_changelog_is_latest PASSED              [ 99%]
tests/test_version_sync.py::test_python_runtime_sync PASSED              [100%]

=================================== FAILURES ===================================
___________________________ test_transmit_experience ___________________________

mock_milvus = {'coll': <MagicMock name='Collection' id='135380369552880'>, 'conn': <MagicMock name='connections' id='135380369510032'>, 'util': <MagicMock name='utility' id='135380369835264'>}

    def test_transmit_experience(mock_milvus):
    	with patch("red_pill.config.MILVUS_ENABLED", True):
    		hive = HiveMind()
    		hive.connected = True
    		mock_milvus["util"].has_collection.return_value = True
    
    		vector = [0.1] * 384
>   		hive.transmit_experience("work_memories", "breakthrough", vector, {"importance": 1.0})

tests/test_hive.py:35: 
_ _ _ _ _ _ _ _ _ _ _ _ _ _ _ _ _ _ _ _ _ _ _ _ _ _ _ _ _ _ _ _ _ _ _ _ _ _ _ _ 
src/red_pill/hive.py:164: in transmit_experience
    masked_content = self._mask_identity_signals(content)
                     ^^^^^^^^^^^^^^^^^^^^^^^^^^^^^^^^^^^^
src/red_pill/hive.py:147: in _mask_identity_signals
    masked = re.sub(r"^(?i)(yo\s+|me\s+)", "[Operator] ", masked)
             ^^^^^^^^^^^^^^^^^^^^^^^^^^^^^^^^^^^^^^^^^^^^^^^^^^^^
../../../.local/share/uv/python/cpython-3.12.12-linux-x86_64-gnu/lib/python3.12/re/__init__.py:186: in sub
    return _compile(pattern, flags).sub(repl, string, count)
           ^^^^^^^^^^^^^^^^^^^^^^^^
../../../.local/share/uv/python/cpython-3.12.12-linux-x86_64-gnu/lib/python3.12/re/__init__.py:307: in _compile
    p = _compiler.compile(pattern, flags)
        ^^^^^^^^^^^^^^^^^^^^^^^^^^^^^^^^^
../../../.local/share/uv/python/cpython-3.12.12-linux-x86_64-gnu/lib/python3.12/re/_compiler.py:750: in compile
    p = _parser.parse(p, flags)
        ^^^^^^^^^^^^^^^^^^^^^^^
../../../.local/share/uv/python/cpython-3.12.12-linux-x86_64-gnu/lib/python3.12/re/_parser.py:979: in parse
    p = _parse_sub(source, state, flags & SRE_FLAG_VERBOSE, 0)
        ^^^^^^^^^^^^^^^^^^^^^^^^^^^^^^^^^^^^^^^^^^^^^^^^^^^^^^
../../../.local/share/uv/python/cpython-3.12.12-linux-x86_64-gnu/lib/python3.12/re/_parser.py:460: in _parse_sub
    itemsappend(_parse(source, state, verbose, nested + 1,
_ _ _ _ _ _ _ _ _ _ _ _ _ _ _ _ _ _ _ _ _ _ _ _ _ _ _ _ _ _ _ _ _ _ _ _ _ _ _ _ 

source = <re._parser.Tokenizer object at 0x7b20b2d68f80>
state = <re._parser.State object at 0x7b20b2d691c0>, verbose = 0, nested = 1
first = True

    def _parse(source, state, verbose, nested, first=False):
        # parse a simple pattern
        subpattern = SubPattern(state)
    
        # precompute constants into local variables
        subpatternappend = subpattern.append
        sourceget = source.get
        sourcematch = source.match
        _len = len
        _ord = ord
    
        while True:
    
            this = source.next
            if this is None:
                break # end of pattern
            if this in "|)":
                break # end of subpattern
            sourceget()
    
            if verbose:
                # skip whitespace and comments
                if this in WHITESPACE:
                    continue
                if this == "#":
                    while True:
                        this = sourceget()
                        if this is None or this == "\n":
                            break
                    continue
    
            if this[0] == "\\":
                code = _escape(source, this, state)
                subpatternappend(code)
    
            elif this not in SPECIAL_CHARS:
                subpatternappend((LITERAL, _ord(this)))
    
            elif this == "[":
                here = source.tell() - 1
                # character set
                set = []
                setappend = set.append
    ##          if sourcematch(":"):
    ##              pass # handle character classes
                if source.next == '[':
                    import warnings
                    warnings.warn(
                        'Possible nested set at position %d' % source.tell(),
                        FutureWarning, stacklevel=nested + 6
                    )
                negate = sourcematch("^")
                # check remaining characters
                while True:
                    this = sourceget()
                    if this is None:
                        raise source.error("unterminated character set",
                                           source.tell() - here)
                    if this == "]" and set:
                        break
                    elif this[0] == "\\":
                        code1 = _class_escape(source, this)
                    else:
                        if set and this in '-&~|' and source.next == this:
                            import warnings
                            warnings.warn(
                                'Possible set %s at position %d' % (
                                    'difference' if this == '-' else
                                    'intersection' if this == '&' else
                                    'symmetric difference' if this == '~' else
                                    'union',
                                    source.tell() - 1),
                                FutureWarning, stacklevel=nested + 6
                            )
                        code1 = LITERAL, _ord(this)
                    if sourcematch("-"):
                        # potential range
                        that = sourceget()
                        if that is None:
                            raise source.error("unterminated character set",
                                               source.tell() - here)
                        if that == "]":
                            if code1[0] is IN:
                                code1 = code1[1][0]
                            setappend(code1)
                            setappend((LITERAL, _ord("-")))
                            break
                        if that[0] == "\\":
                            code2 = _class_escape(source, that)
                        else:
                            if that == '-':
                                import warnings
                                warnings.warn(
                                    'Possible set difference at position %d' % (
                                        source.tell() - 2),
                                    FutureWarning, stacklevel=nested + 6
                                )
                            code2 = LITERAL, _ord(that)
                        if code1[0] != LITERAL or code2[0] != LITERAL:
                            msg = "bad character range %s-%s" % (this, that)
                            raise source.error(msg, len(this) + 1 + len(that))
                        lo = code1[1]
                        hi = code2[1]
                        if hi < lo:
                            msg = "bad character range %s-%s" % (this, that)
                            raise source.error(msg, len(this) + 1 + len(that))
                        setappend((RANGE, (lo, hi)))
                    else:
                        if code1[0] is IN:
                            code1 = code1[1][0]
                        setappend(code1)
    
                set = _uniq(set)
                # XXX: <fl> should move set optimization to compiler!
                if _len(set) == 1 and set[0][0] is LITERAL:
                    # optimization
                    if negate:
                        subpatternappend((NOT_LITERAL, set[0][1]))
                    else:
                        subpatternappend(set[0])
                else:
                    if negate:
                        set.insert(0, (NEGATE, None))
                    # charmap optimization can't be added here because
                    # global flags still are not known
                    subpatternappend((IN, set))
    
            elif this in REPEAT_CHARS:
                # repeat previous item
                here = source.tell()
                if this == "?":
                    min, max = 0, 1
                elif this == "*":
                    min, max = 0, MAXREPEAT
    
                elif this == "+":
                    min, max = 1, MAXREPEAT
                elif this == "{":
                    if source.next == "}":
                        subpatternappend((LITERAL, _ord(this)))
                        continue
    
                    min, max = 0, MAXREPEAT
                    lo = hi = ""
                    while source.next in DIGITS:
                        lo += sourceget()
                    if sourcematch(","):
                        while source.next in DIGITS:
                            hi += sourceget()
                    else:
                        hi = lo
                    if not sourcematch("}"):
                        subpatternappend((LITERAL, _ord(this)))
                        source.seek(here)
                        continue
    
                    if lo:
                        min = int(lo)
                        if min >= MAXREPEAT:
                            raise OverflowError("the repetition number is too large")
                    if hi:
                        max = int(hi)
                        if max >= MAXREPEAT:
                            raise OverflowError("the repetition number is too large")
                        if max < min:
                            raise source.error("min repeat greater than max repeat",
                                               source.tell() - here)
                else:
                    raise AssertionError("unsupported quantifier %r" % (char,))
                # figure out which item to repeat
                if subpattern:
                    item = subpattern[-1:]
                else:
                    item = None
                if not item or item[0][0] is AT:
                    raise source.error("nothing to repeat",
                                       source.tell() - here + len(this))
                if item[0][0] in _REPEATCODES:
                    raise source.error("multiple repeat",
                                       source.tell() - here + len(this))
                if item[0][0] is SUBPATTERN:
                    group, add_flags, del_flags, p = item[0][1]
                    if group is None and not add_flags and not del_flags:
                        item = p
                if sourcematch("?"):
                    # Non-Greedy Match
                    subpattern[-1] = (MIN_REPEAT, (min, max, item))
                elif sourcematch("+"):
                    # Possessive Match (Always Greedy)
                    subpattern[-1] = (POSSESSIVE_REPEAT, (min, max, item))
                else:
                    # Greedy Match
                    subpattern[-1] = (MAX_REPEAT, (min, max, item))
    
            elif this == ".":
                subpatternappend((ANY, None))
    
            elif this == "(":
                start = source.tell() - 1
                capture = True
                atomic = False
                name = None
                add_flags = 0
                del_flags = 0
                if sourcematch("?"):
                    # options
                    char = sourceget()
                    if char is None:
                        raise source.error("unexpected end of pattern")
                    if char == "P":
                        # python extensions
                        if sourcematch("<"):
                            # named group: skip forward to end of name
                            name = source.getuntil(">", "group name")
                            source.checkgroupname(name, 1)
                        elif sourcematch("="):
                            # named backreference
                            name = source.getuntil(")", "group name")
                            source.checkgroupname(name, 1)
                            gid = state.groupdict.get(name)
                            if gid is None:
                                msg = "unknown group name %r" % name
                                raise source.error(msg, len(name) + 1)
                            if not state.checkgroup(gid):
                                raise source.error("cannot refer to an open group",
                                                   len(name) + 1)
                            state.checklookbehindgroup(gid, source)
                            subpatternappend((GROUPREF, gid))
                            continue
    
                        else:
                            char = sourceget()
                            if char is None:
                                raise source.error("unexpected end of pattern")
                            raise source.error("unknown extension ?P" + char,
                                               len(char) + 2)
                    elif char == ":":
                        # non-capturing group
                        capture = False
                    elif char == "#":
                        # comment
                        while True:
                            if source.next is None:
                                raise source.error("missing ), unterminated comment",
                                                   source.tell() - start)
                            if sourceget() == ")":
                                break
                        continue
    
                    elif char in "=!<":
                        # lookahead assertions
                        dir = 1
                        if char == "<":
                            char = sourceget()
                            if char is None:
                                raise source.error("unexpected end of pattern")
                            if char not in "=!":
                                raise source.error("unknown extension ?<" + char,
                                                   len(char) + 2)
                            dir = -1 # lookbehind
                            lookbehindgroups = state.lookbehindgroups
                            if lookbehindgroups is None:
                                state.lookbehindgroups = state.groups
                        p = _parse_sub(source, state, verbose, nested + 1)
                        if dir < 0:
                            if lookbehindgroups is None:
                                state.lookbehindgroups = None
                        if not sourcematch(")"):
                            raise source.error("missing ), unterminated subpattern",
                                               source.tell() - start)
                        if char == "=":
                            subpatternappend((ASSERT, (dir, p)))
                        else:
                            subpatternappend((ASSERT_NOT, (dir, p)))
                        continue
    
                    elif char == "(":
                        # conditional backreference group
                        condname = source.getuntil(")", "group name")
                        if not (condname.isdecimal() and condname.isascii()):
                            source.checkgroupname(condname, 1)
                            condgroup = state.groupdict.get(condname)
                            if condgroup is None:
                                msg = "unknown group name %r" % condname
                                raise source.error(msg, len(condname) + 1)
                        else:
                            condgroup = int(condname)
                            if not condgroup:
                                raise source.error("bad group number",
                                                   len(condname) + 1)
                            if condgroup >= MAXGROUPS:
                                msg = "invalid group reference %d" % condgroup
                                raise source.error(msg, len(condname) + 1)
                            if condgroup not in state.grouprefpos:
                                state.grouprefpos[condgroup] = (
                                    source.tell() - len(condname) - 1
                                )
                            if not (condname.isdecimal() and condname.isascii()):
                                import warnings
                                warnings.warn(
                                    "bad character in group name %s at position %d" %
                                    (repr(condname) if source.istext else ascii(condname),
                                     source.tell() - len(condname) - 1),
                                    DeprecationWarning, stacklevel=nested + 6
                                )
                        state.checklookbehindgroup(condgroup, source)
                        item_yes = _parse(source, state, verbose, nested + 1)
                        if source.match("|"):
                            item_no = _parse(source, state, verbose, nested + 1)
                            if source.next == "|":
                                raise source.error("conditional backref with more than two branches")
                        else:
                            item_no = None
                        if not source.match(")"):
                            raise source.error("missing ), unterminated subpattern",
                                               source.tell() - start)
                        subpatternappend((GROUPREF_EXISTS, (condgroup, item_yes, item_no)))
                        continue
    
                    elif char == ">":
                        # non-capturing, atomic group
                        capture = False
                        atomic = True
                    elif char in FLAGS or char == "-":
                        # flags
                        flags = _parse_flags(source, state, char)
                        if flags is None:  # global flags
                            if not first or subpattern:
>                               raise source.error('global flags not at the start '
                                                   'of the expression',
                                                   source.tell() - start)
E                               re.error: global flags not at the start of the expression at position 1

../../../.local/share/uv/python/cpython-3.12.12-linux-x86_64-gnu/lib/python3.12/re/_parser.py:840: error
_______________________ test_transmit_experience_failure _______________________

mock_milvus = {'coll': <MagicMock name='Collection' id='135380378659552'>, 'conn': <MagicMock name='connections' id='135380376765984'>, 'util': <MagicMock name='utility' id='135380378656048'>}

    def test_transmit_experience_failure(mock_milvus):
    	"""Test transmission failures."""
    	mock_milvus["util"].has_collection.side_effect = Exception("DB dead")
    	hive = HiveMind()
    	hive.connected = True
    	# Should not crash
>   	hive.transmit_experience("work_memories", "breakthrough", [0.1] * 384, {})

tests/test_hive_unit.py:27: 
_ _ _ _ _ _ _ _ _ _ _ _ _ _ _ _ _ _ _ _ _ _ _ _ _ _ _ _ _ _ _ _ _ _ _ _ _ _ _ _ 
src/red_pill/hive.py:164: in transmit_experience
    masked_content = self._mask_identity_signals(content)
                     ^^^^^^^^^^^^^^^^^^^^^^^^^^^^^^^^^^^^
src/red_pill/hive.py:147: in _mask_identity_signals
    masked = re.sub(r"^(?i)(yo\s+|me\s+)", "[Operator] ", masked)
             ^^^^^^^^^^^^^^^^^^^^^^^^^^^^^^^^^^^^^^^^^^^^^^^^^^^^
../../../.local/share/uv/python/cpython-3.12.12-linux-x86_64-gnu/lib/python3.12/re/__init__.py:186: in sub
    return _compile(pattern, flags).sub(repl, string, count)
           ^^^^^^^^^^^^^^^^^^^^^^^^
../../../.local/share/uv/python/cpython-3.12.12-linux-x86_64-gnu/lib/python3.12/re/__init__.py:307: in _compile
    p = _compiler.compile(pattern, flags)
        ^^^^^^^^^^^^^^^^^^^^^^^^^^^^^^^^^
../../../.local/share/uv/python/cpython-3.12.12-linux-x86_64-gnu/lib/python3.12/re/_compiler.py:750: in compile
    p = _parser.parse(p, flags)
        ^^^^^^^^^^^^^^^^^^^^^^^
../../../.local/share/uv/python/cpython-3.12.12-linux-x86_64-gnu/lib/python3.12/re/_parser.py:979: in parse
    p = _parse_sub(source, state, flags & SRE_FLAG_VERBOSE, 0)
        ^^^^^^^^^^^^^^^^^^^^^^^^^^^^^^^^^^^^^^^^^^^^^^^^^^^^^^
../../../.local/share/uv/python/cpython-3.12.12-linux-x86_64-gnu/lib/python3.12/re/_parser.py:460: in _parse_sub
    itemsappend(_parse(source, state, verbose, nested + 1,
_ _ _ _ _ _ _ _ _ _ _ _ _ _ _ _ _ _ _ _ _ _ _ _ _ _ _ _ _ _ _ _ _ _ _ _ _ _ _ _ 

source = <re._parser.Tokenizer object at 0x7b20b3612ff0>
state = <re._parser.State object at 0x7b20b3613f20>, verbose = 0, nested = 1
first = True

    def _parse(source, state, verbose, nested, first=False):
        # parse a simple pattern
        subpattern = SubPattern(state)
    
        # precompute constants into local variables
        subpatternappend = subpattern.append
        sourceget = source.get
        sourcematch = source.match
        _len = len
        _ord = ord
    
        while True:
    
            this = source.next
            if this is None:
                break # end of pattern
            if this in "|)":
                break # end of subpattern
            sourceget()
    
            if verbose:
                # skip whitespace and comments
                if this in WHITESPACE:
                    continue
                if this == "#":
                    while True:
                        this = sourceget()
                        if this is None or this == "\n":
                            break
                    continue
    
            if this[0] == "\\":
                code = _escape(source, this, state)
                subpatternappend(code)
    
            elif this not in SPECIAL_CHARS:
                subpatternappend((LITERAL, _ord(this)))
    
            elif this == "[":
                here = source.tell() - 1
                # character set
                set = []
                setappend = set.append
    ##          if sourcematch(":"):
    ##              pass # handle character classes
                if source.next == '[':
                    import warnings
                    warnings.warn(
                        'Possible nested set at position %d' % source.tell(),
                        FutureWarning, stacklevel=nested + 6
                    )
                negate = sourcematch("^")
                # check remaining characters
                while True:
                    this = sourceget()
                    if this is None:
                        raise source.error("unterminated character set",
                                           source.tell() - here)
                    if this == "]" and set:
                        break
                    elif this[0] == "\\":
                        code1 = _class_escape(source, this)
                    else:
                        if set and this in '-&~|' and source.next == this:
                            import warnings
                            warnings.warn(
                                'Possible set %s at position %d' % (
                                    'difference' if this == '-' else
                                    'intersection' if this == '&' else
                                    'symmetric difference' if this == '~' else
                                    'union',
                                    source.tell() - 1),
                                FutureWarning, stacklevel=nested + 6
                            )
                        code1 = LITERAL, _ord(this)
                    if sourcematch("-"):
                        # potential range
                        that = sourceget()
                        if that is None:
                            raise source.error("unterminated character set",
                                               source.tell() - here)
                        if that == "]":
                            if code1[0] is IN:
                                code1 = code1[1][0]
                            setappend(code1)
                            setappend((LITERAL, _ord("-")))
                            break
                        if that[0] == "\\":
                            code2 = _class_escape(source, that)
                        else:
                            if that == '-':
                                import warnings
                                warnings.warn(
                                    'Possible set difference at position %d' % (
                                        source.tell() - 2),
                                    FutureWarning, stacklevel=nested + 6
                                )
                            code2 = LITERAL, _ord(that)
                        if code1[0] != LITERAL or code2[0] != LITERAL:
                            msg = "bad character range %s-%s" % (this, that)
                            raise source.error(msg, len(this) + 1 + len(that))
                        lo = code1[1]
                        hi = code2[1]
                        if hi < lo:
                            msg = "bad character range %s-%s" % (this, that)
                            raise source.error(msg, len(this) + 1 + len(that))
                        setappend((RANGE, (lo, hi)))
                    else:
                        if code1[0] is IN:
                            code1 = code1[1][0]
                        setappend(code1)
    
                set = _uniq(set)
                # XXX: <fl> should move set optimization to compiler!
                if _len(set) == 1 and set[0][0] is LITERAL:
                    # optimization
                    if negate:
                        subpatternappend((NOT_LITERAL, set[0][1]))
                    else:
                        subpatternappend(set[0])
                else:
                    if negate:
                        set.insert(0, (NEGATE, None))
                    # charmap optimization can't be added here because
                    # global flags still are not known
                    subpatternappend((IN, set))
    
            elif this in REPEAT_CHARS:
                # repeat previous item
                here = source.tell()
                if this == "?":
                    min, max = 0, 1
                elif this == "*":
                    min, max = 0, MAXREPEAT
    
                elif this == "+":
                    min, max = 1, MAXREPEAT
                elif this == "{":
                    if source.next == "}":
                        subpatternappend((LITERAL, _ord(this)))
                        continue
    
                    min, max = 0, MAXREPEAT
                    lo = hi = ""
                    while source.next in DIGITS:
                        lo += sourceget()
                    if sourcematch(","):
                        while source.next in DIGITS:
                            hi += sourceget()
                    else:
                        hi = lo
                    if not sourcematch("}"):
                        subpatternappend((LITERAL, _ord(this)))
                        source.seek(here)
                        continue
    
                    if lo:
                        min = int(lo)
                        if min >= MAXREPEAT:
                            raise OverflowError("the repetition number is too large")
                    if hi:
                        max = int(hi)
                        if max >= MAXREPEAT:
                            raise OverflowError("the repetition number is too large")
                        if max < min:
                            raise source.error("min repeat greater than max repeat",
                                               source.tell() - here)
                else:
                    raise AssertionError("unsupported quantifier %r" % (char,))
                # figure out which item to repeat
                if subpattern:
                    item = subpattern[-1:]
                else:
                    item = None
                if not item or item[0][0] is AT:
                    raise source.error("nothing to repeat",
                                       source.tell() - here + len(this))
                if item[0][0] in _REPEATCODES:
                    raise source.error("multiple repeat",
                                       source.tell() - here + len(this))
                if item[0][0] is SUBPATTERN:
                    group, add_flags, del_flags, p = item[0][1]
                    if group is None and not add_flags and not del_flags:
                        item = p
                if sourcematch("?"):
                    # Non-Greedy Match
                    subpattern[-1] = (MIN_REPEAT, (min, max, item))
                elif sourcematch("+"):
                    # Possessive Match (Always Greedy)
                    subpattern[-1] = (POSSESSIVE_REPEAT, (min, max, item))
                else:
                    # Greedy Match
                    subpattern[-1] = (MAX_REPEAT, (min, max, item))
    
            elif this == ".":
                subpatternappend((ANY, None))
    
            elif this == "(":
                start = source.tell() - 1
                capture = True
                atomic = False
                name = None
                add_flags = 0
                del_flags = 0
                if sourcematch("?"):
                    # options
                    char = sourceget()
                    if char is None:
                        raise source.error("unexpected end of pattern")
                    if char == "P":
                        # python extensions
                        if sourcematch("<"):
                            # named group: skip forward to end of name
                            name = source.getuntil(">", "group name")
                            source.checkgroupname(name, 1)
                        elif sourcematch("="):
                            # named backreference
                            name = source.getuntil(")", "group name")
                            source.checkgroupname(name, 1)
                            gid = state.groupdict.get(name)
                            if gid is None:
                                msg = "unknown group name %r" % name
                                raise source.error(msg, len(name) + 1)
                            if not state.checkgroup(gid):
                                raise source.error("cannot refer to an open group",
                                                   len(name) + 1)
                            state.checklookbehindgroup(gid, source)
                            subpatternappend((GROUPREF, gid))
                            continue
    
                        else:
                            char = sourceget()
                            if char is None:
                                raise source.error("unexpected end of pattern")
                            raise source.error("unknown extension ?P" + char,
                                               len(char) + 2)
                    elif char == ":":
                        # non-capturing group
                        capture = False
                    elif char == "#":
                        # comment
                        while True:
                            if source.next is None:
                                raise source.error("missing ), unterminated comment",
                                                   source.tell() - start)
                            if sourceget() == ")":
                                break
                        continue
    
                    elif char in "=!<":
                        # lookahead assertions
                        dir = 1
                        if char == "<":
                            char = sourceget()
                            if char is None:
                                raise source.error("unexpected end of pattern")
                            if char not in "=!":
                                raise source.error("unknown extension ?<" + char,
                                                   len(char) + 2)
                            dir = -1 # lookbehind
                            lookbehindgroups = state.lookbehindgroups
                            if lookbehindgroups is None:
                                state.lookbehindgroups = state.groups
                        p = _parse_sub(source, state, verbose, nested + 1)
                        if dir < 0:
                            if lookbehindgroups is None:
                                state.lookbehindgroups = None
                        if not sourcematch(")"):
                            raise source.error("missing ), unterminated subpattern",
                                               source.tell() - start)
                        if char == "=":
                            subpatternappend((ASSERT, (dir, p)))
                        else:
                            subpatternappend((ASSERT_NOT, (dir, p)))
                        continue
    
                    elif char == "(":
                        # conditional backreference group
                        condname = source.getuntil(")", "group name")
                        if not (condname.isdecimal() and condname.isascii()):
                            source.checkgroupname(condname, 1)
                            condgroup = state.groupdict.get(condname)
                            if condgroup is None:
                                msg = "unknown group name %r" % condname
                                raise source.error(msg, len(condname) + 1)
                        else:
                            condgroup = int(condname)
                            if not condgroup:
                                raise source.error("bad group number",
                                                   len(condname) + 1)
                            if condgroup >= MAXGROUPS:
                                msg = "invalid group reference %d" % condgroup
                                raise source.error(msg, len(condname) + 1)
                            if condgroup not in state.grouprefpos:
                                state.grouprefpos[condgroup] = (
                                    source.tell() - len(condname) - 1
                                )
                            if not (condname.isdecimal() and condname.isascii()):
                                import warnings
                                warnings.warn(
                                    "bad character in group name %s at position %d" %
                                    (repr(condname) if source.istext else ascii(condname),
                                     source.tell() - len(condname) - 1),
                                    DeprecationWarning, stacklevel=nested + 6
                                )
                        state.checklookbehindgroup(condgroup, source)
                        item_yes = _parse(source, state, verbose, nested + 1)
                        if source.match("|"):
                            item_no = _parse(source, state, verbose, nested + 1)
                            if source.next == "|":
                                raise source.error("conditional backref with more than two branches")
                        else:
                            item_no = None
                        if not source.match(")"):
                            raise source.error("missing ), unterminated subpattern",
                                               source.tell() - start)
                        subpatternappend((GROUPREF_EXISTS, (condgroup, item_yes, item_no)))
                        continue
    
                    elif char == ">":
                        # non-capturing, atomic group
                        capture = False
                        atomic = True
                    elif char in FLAGS or char == "-":
                        # flags
                        flags = _parse_flags(source, state, char)
                        if flags is None:  # global flags
                            if not first or subpattern:
>                               raise source.error('global flags not at the start '
                                                   'of the expression',
                                                   source.tell() - start)
E                               re.error: global flags not at the start of the expression at position 1

../../../.local/share/uv/python/cpython-3.12.12-linux-x86_64-gnu/lib/python3.12/re/_parser.py:840: error
_______ TestMetabolism.test_normal_cycle_after_flag_cleared_runs_erosion _______

self = <test_metabolism.TestMetabolism testMethod=test_normal_cycle_after_flag_cleared_runs_erosion>
mock_erosion = <MagicMock name='apply_erosion' id='135380364167120'>
mock_qdrant = <MagicMock name='QdrantClient' id='135380377757616'>

    @patch("red_pill.memory.QdrantClient")
    @patch("red_pill.memory.MemoryManager.apply_erosion")
    def test_normal_cycle_after_flag_cleared_runs_erosion(self, mock_erosion, mock_qdrant):
    	"""
    	CQ-001: After the flag is consumed (cleared), the NEXT cycle runs erosion normally.
    	"""
    	manager = MemoryManager(url="http://mock:6333")
    	# First, write state with skip_next_erosion=True (flag active)
    	past_time = time.time() - cfg.METABOLISM_COOLDOWN - 10
    	import json
    
    	with open(self.test_state_file, "w") as f:
    		json.dump({"last_run": past_time, "skip_next_erosion": True}, f)
    
    	# First cycle: flag consumed, erosion skipped
    	manager._run_metabolism_cycle()
    	mock_erosion.assert_not_called()
    
    	# Manually rewind the state file's last_run so cooldown expires
    	past_time2 = time.time() - cfg.METABOLISM_COOLDOWN - 10
    	with open(self.test_state_file, "w") as f:
    		json.dump({"last_run": past_time2, "skip_next_erosion": False}, f)
    
    	# Second cycle: flag is False, erosion RUNS
    	manager._run_metabolism_cycle()
>   	mock_erosion.assert_called()

tests/test_metabolism.py:149: 
_ _ _ _ _ _ _ _ _ _ _ _ _ _ _ _ _ _ _ _ _ _ _ _ _ _ _ _ _ _ _ _ _ _ _ _ _ _ _ _ 

self = <MagicMock name='apply_erosion' id='135380364167120'>

    def assert_called(self):
        """assert that the mock was called at least once
        """
        if self.call_count == 0:
            msg = ("Expected '%s' to have been called." %
                   (self._mock_name or 'mock'))
>           raise AssertionError(msg)
E           AssertionError: Expected 'apply_erosion' to have been called.

../../../.local/share/uv/python/cpython-3.12.12-linux-x86_64-gnu/lib/python3.12/unittest/mock.py:918: AssertionError
_____________________ TestMetabolism.test_reactive_trigger _____________________

self = <test_metabolism.TestMetabolism testMethod=test_reactive_trigger>
mock_erosion = <MagicMock name='apply_erosion' id='135380364175376'>
mock_vector = <MagicMock name='_get_vector' id='135380377760400'>
mock_qdrant = <MagicMock name='QdrantClient' id='135380377753584'>

    @patch("red_pill.memory.QdrantClient")
    @patch("red_pill.memory.MemoryManager._get_vector")
    @patch("red_pill.memory.MemoryManager.apply_erosion")
    def test_reactive_trigger(self, mock_erosion, mock_vector, mock_qdrant):
    	mock_vector.return_value = [0.1] * cfg.VECTOR_SIZE
    	manager = MemoryManager(url="http://mock:6333")
    
    	# 1. First addition should trigger metabolism
    	manager.add_memory("test_coll", "engram 1")
    
    	# Give it a tiny bit of time to start the thread
    	time.sleep(0.5)
    
    	self.assertTrue(os.path.exists(self.test_state_file))
>   	mock_erosion.assert_called()

tests/test_metabolism.py:38: 
_ _ _ _ _ _ _ _ _ _ _ _ _ _ _ _ _ _ _ _ _ _ _ _ _ _ _ _ _ _ _ _ _ _ _ _ _ _ _ _ 

self = <MagicMock name='apply_erosion' id='135380364175376'>

    def assert_called(self):
        """assert that the mock was called at least once
        """
        if self.call_count == 0:
            msg = ("Expected '%s' to have been called." %
                   (self._mock_name or 'mock'))
>           raise AssertionError(msg)
E           AssertionError: Expected 'apply_erosion' to have been called.

../../../.local/share/uv/python/cpython-3.12.12-linux-x86_64-gnu/lib/python3.12/unittest/mock.py:918: AssertionError
------------------------------ Captured log call -------------------------------
WARNING  red_pill.utils.emotion:emotion.py:36 Multi-emotion detection failed: /home/joan/Documents/IA/sharing/.venv/lib/python3.12/site-packages/torch/lib/libc10_cuda.so: undefined symbol: cudaGetDriverEntryPointByVersion, version libcudart.so.12
WARNING  red_pill.utils.emotion:emotion.py:36 Multi-emotion detection failed: /home/joan/Documents/IA/sharing/.venv/lib/python3.12/site-packages/torch/lib/libc10_cuda.so: undefined symbol: cudaGetDriverEntryPointByVersion, version libcudart.so.12
______________________________ test_backup_files _______________________________

mock_rmtree = <MagicMock name='rmtree' id='135380373410048'>
mock_copytree = <MagicMock name='copytree' id='135380378547504'>
mock_copy2 = <MagicMock name='copy2' id='135380378543280'>
soul_manager = <red_pill.soul.SoulManager object at 0x7b20b31407a0>

    @patch("red_pill.soul.shutil.copy2")
    @patch("red_pill.soul.shutil.copytree")
    @patch("red_pill.soul.shutil.rmtree")
    def test_backup_files(mock_rmtree, mock_copytree, mock_copy2, soul_manager):
    	# We are already patched by the fixture for os.makedirs and path.exists
    	soul_manager.backup_files("ts")
    	# Check if any copy operation was attempted (should be, since exists=True)
>   	assert mock_copy2.called or mock_copytree.called
E    AssertionError: assert (False or False)
E     +  where False = <MagicMock name='copy2' id='135380378543280'>.called
E     +  and   False = <MagicMock name='copytree' id='135380378547504'>.called

tests/test_soul.py:54: AssertionError
_______________________________ test_export_soul _______________________________

mock_tar = <MagicMock name='open' id='135380373603728'>
soul_manager = <red_pill.soul.SoulManager object at 0x7b20b314ade0>

    @patch("red_pill.soul.tarfile.open")
    def test_export_soul(mock_tar, soul_manager):
    	soul_manager.full_backup = MagicMock()
>   	soul_manager.export_soul("fake_path.tar.gz")

tests/test_soul.py:60: 
_ _ _ _ _ _ _ _ _ _ _ _ _ _ _ _ _ _ _ _ _ _ _ _ _ _ _ _ _ _ _ _ _ _ _ _ _ _ _ _ 
src/red_pill/soul.py:117: in export_soul
    self.create_manifest(timestamp_full)
_ _ _ _ _ _ _ _ _ _ _ _ _ _ _ _ _ _ _ _ _ _ _ _ _ _ _ _ _ _ _ _ _ _ _ _ _ _ _ _ 

self = <red_pill.soul.SoulManager object at 0x7b20b314ade0>
timestamp = '20260303_012429'

    def create_manifest(self, timestamp: str) -> str:
    	"""Generate the 'Soul Manifesto' (Version metadata)."""
    	import json
    
    	from red_pill import __version__
    
    	manifest = {
    		"protocol_version": __version__,
    		"schema_version": cfg.CURRENT_SCHEMA_VERSION,
    		"embedding_model": cfg.EMBEDDING_MODEL,
    		"vector_size": cfg.VECTOR_SIZE,
    		"timestamp": timestamp,
    		"hardware_context": "CUDA/ROCm/NPU-Ready",
    	}
    	manifest_path = os.path.join(self.backup_root, "qdrant", f"manifest_{timestamp}.json")
>   	with open(manifest_path, "w") as f:
          ^^^^^^^^^^^^^^^^^^^^^^^^
E    FileNotFoundError: [Errno 2] No such file or directory: '/fake/ia_dir/backups/qdrant/manifest_20260303_012429.json'

src/red_pill/soul.py:95: FileNotFoundError
_______________________ test_sound_of_silence_compliance _______________________

    def test_sound_of_silence_compliance():
    	"""Ensures the codebase adheres to the Sound of Silence protocol."""
    	violations = []
    
    	# 1. Collect all candidate files
    	candidate_files = []
    	for target in TARGET_DIRS:
    		target_path = ROOT_DIR / target
    		if target_path.exists():
    			candidate_files.extend([f for f in target_path.rglob("*") if f.suffix in EXTENSIONS])
    
    	for rf in ROOT_FILES:
    		root_f = ROOT_DIR / rf
    		if root_f.exists():
    			candidate_files.append(root_f)
    
    	for file_path in candidate_files:
    		content = file_path.read_text()
    		lines = content.splitlines()
    
    		for i, line in enumerate(lines, 1):
    			# A. Check for non-portable file:// links (All files, except certification snapshots)
    			if "certification" not in file_path.parts and FILE_PROTOCOL_LINK.search(line):
    				violations.append(f"{file_path.relative_to(ROOT_DIR)}:{i} - Absolute file:// link detected")
    
    			if HOME_DIR_PATH.search(line) and "SOVEREIGNTY_PROOF.json" not in file_path.name:
    				violations.append(f"{file_path.relative_to(ROOT_DIR)}:{i} - Hardcoded home directory path detected")
    
    			# B. Logic checks (Only for source/scripts, skip .md)
    			if file_path.suffix in [".py", ".sh"]:
    				# 1. Indentation Check (Tabs only)
    				if TAB_INDENT_ONLY.match(line):
    					violations.append(f"{file_path.relative_to(ROOT_DIR)}:{i} - Space indentation detected")
    
    				# 2. Ornamental Comment Check
    				if ORNAMENTAL_COMMENT.match(line):
    					violations.append(f"{file_path.relative_to(ROOT_DIR)}:{i} - Ornamental comment noise detected")
    
    				# 3. Commented-out Code Check
    				if CODE_COMMENT.match(line):
    					violations.append(f"{file_path.relative_to(ROOT_DIR)}:{i} - Commented-out code detected")
    
    	if violations:
    		error_msg = "\n".join(violations)
>   		raise AssertionError(f"Sound of Silence Violations Found:\n{error_msg}")
E     AssertionError: Sound of Silence Violations Found:
E     src/red_pill/utils/emotion.py:4 - Commented-out code detected

tests/test_sound_of_silence.py:62: AssertionError
_________________ TestOracleMinion.test_synthesis_without_llm __________________

args = (<test_swarm_agents.TestOracleMinion object at 0x7b20b396a1b0>,)
keywargs = {'oracle': OracleMinion(id='44335780-a0b6-4cb2-86c6-9f61b6381186', name='Oracle-01', specialization='Knowledge Synthesis & RAG Research', metadata={})}

    @wraps(func)
    def patched(*args, **keywargs):
>       with self.decoration_helper(patched,
                                    args,
                                    keywargs) as (newargs, newkeywargs):

../../../.local/share/uv/python/cpython-3.12.12-linux-x86_64-gnu/lib/python3.12/unittest/mock.py:1393: 
_ _ _ _ _ _ _ _ _ _ _ _ _ _ _ _ _ _ _ _ _ _ _ _ _ _ _ _ _ _ _ _ _ _ _ _ _ _ _ _ 
../../../.local/share/uv/python/cpython-3.12.12-linux-x86_64-gnu/lib/python3.12/contextlib.py:137: in __enter__
    return next(self.gen)
           ^^^^^^^^^^^^^^
../../../.local/share/uv/python/cpython-3.12.12-linux-x86_64-gnu/lib/python3.12/unittest/mock.py:1375: in decoration_helper
    arg = exit_stack.enter_context(patching)
          ^^^^^^^^^^^^^^^^^^^^^^^^^^^^^^^^^^
../../../.local/share/uv/python/cpython-3.12.12-linux-x86_64-gnu/lib/python3.12/contextlib.py:526: in enter_context
    result = _enter(cm)
             ^^^^^^^^^^
../../../.local/share/uv/python/cpython-3.12.12-linux-x86_64-gnu/lib/python3.12/unittest/mock.py:1467: in __enter__
    original, local = self.get_original()
                      ^^^^^^^^^^^^^^^^^^^
_ _ _ _ _ _ _ _ _ _ _ _ _ _ _ _ _ _ _ _ _ _ _ _ _ _ _ _ _ _ _ _ _ _ _ _ _ _ _ _ 

self = <unittest.mock._patch object at 0x7b20b3945bb0>

    def get_original(self):
        target = self.getter()
        name = self.attribute
    
        original = DEFAULT
        local = False
    
        try:
            original = target.__dict__[name]
        except (AttributeError, KeyError):
            original = getattr(target, name, DEFAULT)
        else:
            local = True
    
        if name in _builtins and isinstance(target, ModuleType):
            self.create = True
    
        if not self.create and original is DEFAULT:
>           raise AttributeError(
                "%s does not have the attribute %r" % (target, name)
            )
E           AttributeError: <module 'red_pill.swarm.agents.oracle' from '/home/joan/Documents/IA/sharing/src/red_pill/swarm/agents/oracle.py'> does not have the attribute 'MemoryManager'

../../../.local/share/uv/python/cpython-3.12.12-linux-x86_64-gnu/lib/python3.12/unittest/mock.py:1437: AttributeError
___________________ TestOracleMinion.test_synthesis_with_llm ___________________

args = (<test_swarm_agents.TestOracleMinion object at 0x7b20b396a480>,)
keywargs = {'oracle': OracleMinion(id='ccd388c6-d88e-4f8c-8c7e-1af66f6e2467', name='Oracle-01', specialization='Knowledge Synthesis & RAG Research', metadata={})}

    @wraps(func)
    def patched(*args, **keywargs):
>       with self.decoration_helper(patched,
                                    args,
                                    keywargs) as (newargs, newkeywargs):

../../../.local/share/uv/python/cpython-3.12.12-linux-x86_64-gnu/lib/python3.12/unittest/mock.py:1393: 
_ _ _ _ _ _ _ _ _ _ _ _ _ _ _ _ _ _ _ _ _ _ _ _ _ _ _ _ _ _ _ _ _ _ _ _ _ _ _ _ 
../../../.local/share/uv/python/cpython-3.12.12-linux-x86_64-gnu/lib/python3.12/contextlib.py:137: in __enter__
    return next(self.gen)
           ^^^^^^^^^^^^^^
../../../.local/share/uv/python/cpython-3.12.12-linux-x86_64-gnu/lib/python3.12/unittest/mock.py:1375: in decoration_helper
    arg = exit_stack.enter_context(patching)
          ^^^^^^^^^^^^^^^^^^^^^^^^^^^^^^^^^^
../../../.local/share/uv/python/cpython-3.12.12-linux-x86_64-gnu/lib/python3.12/contextlib.py:526: in enter_context
    result = _enter(cm)
             ^^^^^^^^^^
../../../.local/share/uv/python/cpython-3.12.12-linux-x86_64-gnu/lib/python3.12/unittest/mock.py:1467: in __enter__
    original, local = self.get_original()
                      ^^^^^^^^^^^^^^^^^^^
_ _ _ _ _ _ _ _ _ _ _ _ _ _ _ _ _ _ _ _ _ _ _ _ _ _ _ _ _ _ _ _ _ _ _ _ _ _ _ _ 

self = <unittest.mock._patch object at 0x7b20b3947f80>

    def get_original(self):
        target = self.getter()
        name = self.attribute
    
        original = DEFAULT
        local = False
    
        try:
            original = target.__dict__[name]
        except (AttributeError, KeyError):
            original = getattr(target, name, DEFAULT)
        else:
            local = True
    
        if name in _builtins and isinstance(target, ModuleType):
            self.create = True
    
        if not self.create and original is DEFAULT:
>           raise AttributeError(
                "%s does not have the attribute %r" % (target, name)
            )
E           AttributeError: <module 'red_pill.swarm.agents.oracle' from '/home/joan/Documents/IA/sharing/src/red_pill/swarm/agents/oracle.py'> does not have the attribute 'MemoryManager'

../../../.local/share/uv/python/cpython-3.12.12-linux-x86_64-gnu/lib/python3.12/unittest/mock.py:1437: AttributeError
_________________ TestOracleMinion.test_empty_memory_fallback __________________

args = (<test_swarm_agents.TestOracleMinion object at 0x7b20b396a7b0>,)
keywargs = {'oracle': OracleMinion(id='742b81a4-9f69-4f97-a01a-6943958eaeb3', name='Oracle-01', specialization='Knowledge Synthesis & RAG Research', metadata={})}

    @wraps(func)
    def patched(*args, **keywargs):
>       with self.decoration_helper(patched,
                                    args,
                                    keywargs) as (newargs, newkeywargs):

../../../.local/share/uv/python/cpython-3.12.12-linux-x86_64-gnu/lib/python3.12/unittest/mock.py:1393: 
_ _ _ _ _ _ _ _ _ _ _ _ _ _ _ _ _ _ _ _ _ _ _ _ _ _ _ _ _ _ _ _ _ _ _ _ _ _ _ _ 
../../../.local/share/uv/python/cpython-3.12.12-linux-x86_64-gnu/lib/python3.12/contextlib.py:137: in __enter__
    return next(self.gen)
           ^^^^^^^^^^^^^^
../../../.local/share/uv/python/cpython-3.12.12-linux-x86_64-gnu/lib/python3.12/unittest/mock.py:1375: in decoration_helper
    arg = exit_stack.enter_context(patching)
          ^^^^^^^^^^^^^^^^^^^^^^^^^^^^^^^^^^
../../../.local/share/uv/python/cpython-3.12.12-linux-x86_64-gnu/lib/python3.12/contextlib.py:526: in enter_context
    result = _enter(cm)
             ^^^^^^^^^^
../../../.local/share/uv/python/cpython-3.12.12-linux-x86_64-gnu/lib/python3.12/unittest/mock.py:1467: in __enter__
    original, local = self.get_original()
                      ^^^^^^^^^^^^^^^^^^^
_ _ _ _ _ _ _ _ _ _ _ _ _ _ _ _ _ _ _ _ _ _ _ _ _ _ _ _ _ _ _ _ _ _ _ _ _ _ _ _ 

self = <unittest.mock._patch object at 0x7b20b39680e0>

    def get_original(self):
        target = self.getter()
        name = self.attribute
    
        original = DEFAULT
        local = False
    
        try:
            original = target.__dict__[name]
        except (AttributeError, KeyError):
            original = getattr(target, name, DEFAULT)
        else:
            local = True
    
        if name in _builtins and isinstance(target, ModuleType):
            self.create = True
    
        if not self.create and original is DEFAULT:
>           raise AttributeError(
                "%s does not have the attribute %r" % (target, name)
            )
E           AttributeError: <module 'red_pill.swarm.agents.oracle' from '/home/joan/Documents/IA/sharing/src/red_pill/swarm/agents/oracle.py'> does not have the attribute 'MemoryManager'

../../../.local/share/uv/python/cpython-3.12.12-linux-x86_64-gnu/lib/python3.12/unittest/mock.py:1437: AttributeError
_____________________ TestOracleMinion.test_result_schema ______________________

args = (<test_swarm_agents.TestOracleMinion object at 0x7b20b396aae0>,)
keywargs = {'oracle': OracleMinion(id='1eec14c6-398e-4d30-a32c-b88560cb5a6e', name='Oracle-01', specialization='Knowledge Synthesis & RAG Research', metadata={})}

    @wraps(func)
    def patched(*args, **keywargs):
>       with self.decoration_helper(patched,
                                    args,
                                    keywargs) as (newargs, newkeywargs):

../../../.local/share/uv/python/cpython-3.12.12-linux-x86_64-gnu/lib/python3.12/unittest/mock.py:1393: 
_ _ _ _ _ _ _ _ _ _ _ _ _ _ _ _ _ _ _ _ _ _ _ _ _ _ _ _ _ _ _ _ _ _ _ _ _ _ _ _ 
../../../.local/share/uv/python/cpython-3.12.12-linux-x86_64-gnu/lib/python3.12/contextlib.py:137: in __enter__
    return next(self.gen)
           ^^^^^^^^^^^^^^
../../../.local/share/uv/python/cpython-3.12.12-linux-x86_64-gnu/lib/python3.12/unittest/mock.py:1375: in decoration_helper
    arg = exit_stack.enter_context(patching)
          ^^^^^^^^^^^^^^^^^^^^^^^^^^^^^^^^^^
../../../.local/share/uv/python/cpython-3.12.12-linux-x86_64-gnu/lib/python3.12/contextlib.py:526: in enter_context
    result = _enter(cm)
             ^^^^^^^^^^
../../../.local/share/uv/python/cpython-3.12.12-linux-x86_64-gnu/lib/python3.12/unittest/mock.py:1467: in __enter__
    original, local = self.get_original()
                      ^^^^^^^^^^^^^^^^^^^
_ _ _ _ _ _ _ _ _ _ _ _ _ _ _ _ _ _ _ _ _ _ _ _ _ _ _ _ _ _ _ _ _ _ _ _ _ _ _ _ 

self = <unittest.mock._patch object at 0x7b20b3968230>

    def get_original(self):
        target = self.getter()
        name = self.attribute
    
        original = DEFAULT
        local = False
    
        try:
            original = target.__dict__[name]
        except (AttributeError, KeyError):
            original = getattr(target, name, DEFAULT)
        else:
            local = True
    
        if name in _builtins and isinstance(target, ModuleType):
            self.create = True
    
        if not self.create and original is DEFAULT:
>           raise AttributeError(
                "%s does not have the attribute %r" % (target, name)
            )
E           AttributeError: <module 'red_pill.swarm.agents.oracle' from '/home/joan/Documents/IA/sharing/src/red_pill/swarm/agents/oracle.py'> does not have the attribute 'MemoryManager'

../../../.local/share/uv/python/cpython-3.12.12-linux-x86_64-gnu/lib/python3.12/unittest/mock.py:1437: AttributeError
=============================== warnings summary ===============================
tests/test_cli_integration.py:18
  /home/joan/Documents/IA/sharing/tests/test_cli_integration.py:18: PytestUnknownMarkWarning: Unknown pytest.mark.integration - is this a typo?  You can register custom marks to avoid this warning - for details, see https://docs.pytest.org/en/stable/how-to/mark.html
    @pytest.mark.integration

tests/test_cli_integration.py:31
  /home/joan/Documents/IA/sharing/tests/test_cli_integration.py:31: PytestUnknownMarkWarning: Unknown pytest.mark.integration - is this a typo?  You can register custom marks to avoid this warning - for details, see https://docs.pytest.org/en/stable/how-to/mark.html
    @pytest.mark.integration

tests/test_cli_integration.py:39
  /home/joan/Documents/IA/sharing/tests/test_cli_integration.py:39: PytestUnknownMarkWarning: Unknown pytest.mark.integration - is this a typo?  You can register custom marks to avoid this warning - for details, see https://docs.pytest.org/en/stable/how-to/mark.html
    @pytest.mark.integration

tests/test_cli_integration.py:47
  /home/joan/Documents/IA/sharing/tests/test_cli_integration.py:47: PytestUnknownMarkWarning: Unknown pytest.mark.integration - is this a typo?  You can register custom marks to avoid this warning - for details, see https://docs.pytest.org/en/stable/how-to/mark.html
    @pytest.mark.integration

src/red_pill/swarm/base.py:10
  /home/joan/Documents/IA/sharing/src/red_pill/swarm/base.py:10: PydanticDeprecatedSince20: Support for class-based `config` is deprecated, use ConfigDict instead. Deprecated in Pydantic V2.0 to be removed in V3.0. See Pydantic V2 Migration Guide at https://errors.pydantic.dev/2.12/migration/
    class Minion(BaseModel):

tests/test_cli_unit.py: 7 warnings
tests/test_daemon_client.py: 5 warnings
tests/test_local_edge.py: 1 warning
tests/test_memory_client_isolation.py: 1 warning
tests/test_memory_edge_cases.py: 15 warnings
  /home/joan/Documents/IA/sharing/src/red_pill/memory.py:48: UserWarning: Api key is used with an insecure connection.
    self.client = QdrantClient(url=url, api_key=cfg.QDRANT_API_KEY)

-- Docs: https://docs.pytest.org/en/stable/how-to/capture-warnings.html
=========================== short test summary info ============================
FAILED tests/test_hive.py::test_transmit_experience - re.error: global flags ...
FAILED tests/test_hive_unit.py::test_transmit_experience_failure - re.error: ...
FAILED tests/test_metabolism.py::TestMetabolism::test_normal_cycle_after_flag_cleared_runs_erosion
FAILED tests/test_metabolism.py::TestMetabolism::test_reactive_trigger - Asse...
FAILED tests/test_soul.py::test_backup_files - AssertionError: assert (False ...
FAILED tests/test_soul.py::test_export_soul - FileNotFoundError: [Errno 2] No...
FAILED tests/test_sound_of_silence.py::test_sound_of_silence_compliance - Ass...
FAILED tests/test_swarm_agents.py::TestOracleMinion::test_synthesis_without_llm
FAILED tests/test_swarm_agents.py::TestOracleMinion::test_synthesis_with_llm
FAILED tests/test_swarm_agents.py::TestOracleMinion::test_empty_memory_fallback
FAILED tests/test_swarm_agents.py::TestOracleMinion::test_result_schema - Att...
================= 11 failed, 268 passed, 34 warnings in 19.01s =================
[0;31mTESTS FAIL[0m
